// Jest Snapshot v1, https://goo.gl/fbAQLP

exports[`RightsReserved should match snapshot 1`] = `
<div
  class="sc-bczRLJ ifbMZa"
>
  <span>
     Â© 2022 Hiring Platform. All rights reserved
  </span>
</div>
`;
